LineText
----------------------------------------------------------------------------------------------------------------------------------------------------------------------------------------------------------------------------------------------------------------
# DMS DATABASE SCHEMA

- Database: `dbDrawingManagment`
- Generated At: `2026-10-08 10:38:11`
- Data Exported: **NO**
- Purpose: Complete relational database schema and relationship definition

---

# 1. DATABASE SUMMARY

| Property | Value |
|---|---|
| Database | `dbDrawingManagment` |
| Compatibility Level | `160` |
| Recovery Model | `FULL` |

---

# 2. TABLE LIST

| Schema | Table | Object ID | Created | Modified |
|---|---|---:|---|---|
| `dbo` | `ActionCode` | `370100359` | `2026-10-08 09:59:13` | `2026-10-08 09:59:13` |
| `dbo` | `DanieliPDF` | `1525580473` | `2026-09-05 11:33:52` | `2026-09-06 08:19:39` |
| `dbo` | `DrawingRequestAssignments` | `546100986` | `2026-10-08 09:59:13` | `2026-10-08 09:59:13` |
| `dbo` | `DrawingRequestHistory` | `642101328` | `2026-10-08 09:59:13` | `2026-10-08 09:59:13` |
| `dbo` | `DrawingRequests` | `418100530` | `2026-10-08 09:59:13` | `2026-10-08 09:59:13` |
| `dbo` | `DrawingRequestStatuses` | `322100188` | `2026-10-08 09:59:13` | `2026-10-08 09:59:13` |
| `dbo` | `Logs` | `274100017` | `2026-09-21 15:03:17` | `2026-09-21 15:03:17` |
| `dbo` | `Nodes` | `1237579447` | `2026-08-31 14:39:42` | `2026-10-08 09:59:13` |
| `dbo` | `Notifications` | `754101727` | `2026-10-08 09:59:13` | `2026-10-08 09:59:13` |
| `dbo` | `Permissions` | `130099504` | `2026-09-21 15:03:17` | `2026-09-21 15:03:17` |
| `dbo` | `RolePermissions` | `242099903` | `2026-09-21 15:03:17` | `2026-09-21 15:03:17` |
| `dbo` | `Roles` | `82099333` | `2026-09-21 15:03:17` | `2026-09-21 15:03:17` |
| `dbo` | `sysdiagrams` | `1077578877` | `2026-08-31 11:58:40` | `2026-08-31 11:58:40` |
| `dbo` | `tblPath` | `1589580701` | `2026-09-06 07:56:46` | `2026-09-10 10:51:43` |
| `dbo` | `UserManager` | `178099675` | `2026-09-21 15:03:17` | `2026-09-21 15:03:17` |
| `dbo` | `UserRoles` | `210099789` | `2026-09-21 15:03:17` | `2026-09-21 15:03:17` |
| `dbo` | `Users` | `18099105` | `2026-09-21 15:03:17` | `2026-10-08 09:59:13` |

---

# 3. COMPLETE TABLE DEFINITIONS

## `dbo.ActionCode`

| Ordinal | Column | Data Type | Max Length | Precision | Scale | Nullable | Identity | Default | Computed |
|---:|---|---|---:|---:|---:|---|---|---|---|
| 1 | `ActionCodeID` | `int` | 4 | 10 | 0 | NO | NO |  | NO |
| 2 | `ActionCode` | `nvarchar(50)` | 100 | 0 | 0 | NO | NO |  | NO |

---

## `dbo.DanieliPDF`

| Ordinal | Column | Data Type | Max Length | Precision | Scale | Nullable | Identity | Default | Computed |
|---:|---|---|---:|---:|---:|---|---|---|---|
| 1 | `PDFID` | `int` | 4 | 10 | 0 | NO | NO |  | NO |
| 2 | `NodeID` | `int` | 4 | 10 | 0 | NO | NO |  | NO |
| 3 | `NodeCode` | `nvarchar(200)` | 400 | 0 | 0 | NO | NO |  | NO |
| 4 | `PDFName` | `nvarchar(200)` | 400 | 0 | 0 | NO | NO |  | NO |
| 5 | `PathID` | `int` | 4 | 10 | 0 | NO | NO | `((3))` | NO |

---

## `dbo.DrawingRequestAssignments`

| Ordinal | Column | Data Type | Max Length | Precision | Scale | Nullable | Identity | Default | Computed |
|---:|---|---|---:|---:|---:|---|---|---|---|
| 1 | `AssignmentID` | `int` | 4 | 10 | 0 | NO | YES (1,1) |  | NO |
| 2 | `RequestID` | `int` | 4 | 10 | 0 | NO | NO |  | NO |
| 3 | `RequestNumber` | `nvarchar(30)` | 60 | 0 | 0 | YES | NO |  | NO |
| 4 | `AssignedByUserID` | `int` | 4 | 10 | 0 | NO | NO |  | NO |
| 5 | `AssignedUsername` | `nvarchar(100)` | 200 | 0 | 0 | YES | NO |  | NO |
| 6 | `DrawingExpertUserID` | `int` | 4 | 10 | 0 | NO | NO |  | NO |
| 7 | `DrawingExpertUsername` | `nvarchar(100)` | 200 | 0 | 0 | YES | NO |  | NO |
| 8 | `AssignedAt` | `datetime2(7)` | 8 | 27 | 7 | NO | NO |  | NO |
| 9 | `AcceptedAt` | `datetime2(7)` | 8 | 27 | 7 | YES | NO |  | NO |
| 10 | `CompletedAt` | `datetime2(7)` | 8 | 27 | 7 | YES | NO |  | NO |
| 11 | `IsCurrent` | `bit` | 1 | 1 | 0 | NO | NO | `((1))` | NO |
| 12 | `AssignmentStatus` | `nvarchar(30)` | 60 | 0 | 0 | YES | NO |  | NO |
| 13 | `Comment` | `nvarchar(1000)` | 2000 | 0 | 0 | YES | NO |  | NO |

---

## `dbo.DrawingRequestHistory`

| Ordinal | Column | Data Type | Max Length | Precision | Scale | Nullable | Identity | Default | Computed |
|---:|---|---|---:|---:|---:|---|---|---|---|
| 1 | `HistoryID` | `int` | 4 | 10 | 0 | NO | YES (1,1) |  | NO |
| 2 | `RequestID` | `int` | 4 | 10 | 0 | NO | NO |  | NO |
| 3 | `RequestNumber` | `nvarchar(30)` | 60 | 0 | 0 | YES | NO |  | NO |
| 4 | `ActionCode` | `nvarchar(50)` | 100 | 0 | 0 | NO | NO |  | NO |
| 5 | `FromStatusID` | `int` | 4 | 10 | 0 | YES | NO |  | NO |
| 6 | `ToStatusID` | `int` | 4 | 10 | 0 | YES | NO |  | NO |
| 7 | `ActionByUserID` | `int` | 4 | 10 | 0 | NO | NO |  | NO |
| 8 | `ActionByUsername` | `nvarchar(100)` | 200 | 0 | 0 | YES | NO |  | NO |
| 9 | `Comment` | `nvarchar(1000)` | 2000 | 0 | 0 | YES | NO |  | NO |
| 10 | `CreatedAt` | `datetime2(7)` | 8 | 27 | 7 | NO | NO |  | NO |

---

## `dbo.DrawingRequests`

| Ordinal | Column | Data Type | Max Length | Precision | Scale | Nullable | Identity | Default | Computed |
|---:|---|---|---:|---:|---:|---|---|---|---|
| 1 | `RequestID` | `int` | 4 | 10 | 0 | NO | YES (1,1) |  | NO |
| 2 | `RequestNumber` | `nvarchar(30)` | 60 | 0 | 0 | NO | NO |  | NO |
| 3 | `NodeID` | `int` | 4 | 10 | 0 | NO | NO |  | NO |
| 4 | `NodeCode` | `nvarchar(100)` | 200 | 0 | 0 | YES | NO |  | NO |
| 5 | `RequesterUserID` | `int` | 4 | 10 | 0 | NO | NO |  | NO |
| 6 | `RequesterUsername` | `nvarchar(100)` | 200 | 0 | 0 | YES | NO |  | NO |
| 7 | `ManagerUserID` | `int` | 4 | 10 | 0 | NO | NO |  | NO |
| 8 | `ManagerUsername` | `nvarchar(100)` | 200 | 0 | 0 | YES | NO |  | NO |
| 9 | `Description` | `nvarchar(1000)` | 2000 | 0 | 0 | YES | NO |  | NO |
| 10 | `StatusID` | `int` | 4 | 10 | 0 | NO | NO |  | NO |
| 11 | `AssignedDrawingExpertID` | `int` | 4 | 10 | 0 | YES | NO |  | NO |
| 12 | `CreatedAt` | `datetime2(7)` | 8 | 27 | 7 | NO | NO |  | NO |
| 13 | `ManagerDecisionAt` | `datetime2(7)` | 8 | 27 | 7 | YES | NO |  | NO |
| 14 | `ManagerComment` | `nvarchar(1000)` | 2000 | 0 | 0 | YES | NO |  | NO |
| 15 | `AssignedAt` | `datetime2(7)` | 8 | 27 | 7 | YES | NO |  | NO |
| 16 | `UpdatedAt` | `datetime2(7)` | 8 | 27 | 7 | NO | NO |  | NO |

---

## `dbo.DrawingRequestStatuses`

| Ordinal | Column | Data Type | Max Length | Precision | Scale | Nullable | Identity | Default | Computed |
|---:|---|---|---:|---:|---:|---|---|---|---|
| 1 | `StatusID` | `int` | 4 | 10 | 0 | NO | NO |  | NO |
| 2 | `StatusCode` | `nvarchar(50)` | 100 | 0 | 0 | NO | NO |  | NO |
| 3 | `StatusName` | `nvarchar(150)` | 300 | 0 | 0 | NO | NO |  | NO |
| 4 | `Description` | `nvarchar(1000)` | 2000 | 0 | 0 | YES | NO |  | NO |

---

## `dbo.Logs`

| Ordinal | Column | Data Type | Max Length | Precision | Scale | Nullable | Identity | Default | Computed |
|---:|---|---|---:|---:|---:|---|---|---|---|
| 1 | `LogID` | `bigint` | 8 | 19 | 0 | NO | YES (1,1) |  | NO |
| 2 | `UserID` | `int` | 4 | 10 | 0 | YES | NO |  | NO |
| 3 | `UserName` | `nvarchar(100)` | 200 | 0 | 0 | YES | NO |  | NO |
| 4 | `Action` | `nvarchar(100)` | 200 | 0 | 0 | NO | NO |  | NO |
| 5 | `IPAddress` | `nvarchar(64)` | 128 | 0 | 0 | YES | NO |  | NO |
| 6 | `CreatedAt` | `datetime2(0)` | 6 | 19 | 0 | NO | NO | `(sysutcdatetime())` | NO |

---

## `dbo.Nodes`

| Ordinal | Column | Data Type | Max Length | Precision | Scale | Nullable | Identity | Default | Computed |
|---:|---|---|---:|---:|---:|---|---|---|---|
| 1 | `NodeID` | `int` | 4 | 10 | 0 | NO | NO |  | NO |
| 2 | `ParentID` | `int` | 4 | 10 | 0 | YES | NO |  | NO |
| 3 | `NodeCode` | `nvarchar(100)` | 200 | 0 | 0 | NO | NO |  | NO |
| 4 | `NodeName` | `nvarchar(255)` | 510 | 0 | 0 | YES | NO |  | NO |
| 5 | `isActive` | `bit` | 1 | 1 | 0 | NO | NO |  | NO |
| 6 | `CreatedAt` | `datetime2(7)` | 8 | 27 | 7 | YES | NO |  | NO |
| 7 | `UpdatedAt` | `datetime2(7)` | 8 | 27 | 7 | YES | NO |  | NO |
| 8 | `FolderPath` | `nvarchar(1000)` | 2000 | 0 | 0 | YES | NO |  | NO |
| 9 | `PathID` | `int` | 4 | 10 | 0 | YES | NO |  | NO |
| 10 | `JET_Position` | `int` | 4 | 10 | 0 | YES | NO |  | NO |
| 11 | `Norme` | `text` | 16 | 0 | 0 | YES | NO |  | NO |
| 12 | `Mass` | `text` | 16 | 0 | 0 | YES | NO |  | NO |

---

## `dbo.Notifications`

| Ordinal | Column | Data Type | Max Length | Precision | Scale | Nullable | Identity | Default | Computed |
|---:|---|---|---:|---:|---:|---|---|---|---|
| 1 | `NotificationID` | `int` | 4 | 10 | 0 | NO | YES (1,1) |  | NO |
| 2 | `UserID` | `int` | 4 | 10 | 0 | NO | NO |  | NO |
| 3 | `Username` | `nvarchar(100)` | 200 | 0 | 0 | YES | NO |  | NO |
| 4 | `RequestID` | `int` | 4 | 10 | 0 | YES | NO |  | NO |
| 5 | `RequestNumber` | `nvarchar(30)` | 60 | 0 | 0 | YES | NO |  | NO |
| 6 | `NotificationType` | `nvarchar(50)` | 100 | 0 | 0 | YES | NO |  | NO |
| 7 | `Title` | `nvarchar(200)` | 400 | 0 | 0 | YES | NO |  | NO |
| 8 | `Message` | `nvarchar(1000)` | 2000 | 0 | 0 | YES | NO |  | NO |
| 9 | `IsRead` | `bit` | 1 | 1 | 0 | NO | NO | `((0))` | NO |
| 10 | `CreatedAt` | `datetime2(7)` | 8 | 27 | 7 | NO | NO |  | NO |
| 11 | `ReadAt` | `datetime2(7)` | 8 | 27 | 7 | YES | NO |  | NO |

---

## `dbo.Permissions`

| Ordinal | Column | Data Type | Max Length | Precision | Scale | Nullable | Identity | Default | Computed |
|---:|---|---|---:|---:|---:|---|---|---|---|
| 1 | `PermissionID` | `int` | 4 | 10 | 0 | NO | YES (1,1) |  | NO |
| 2 | `PermissionCode` | `nvarchar(100)` | 200 | 0 | 0 | NO | NO |  | NO |
| 3 | `PermissionName` | `nvarchar(150)` | 300 | 0 | 0 | NO | NO |  | NO |
| 4 | `Description` | `nvarchar(500)` | 1000 | 0 | 0 | YES | NO |  | NO |
| 5 | `IsActive` | `bit` | 1 | 1 | 0 | NO | NO | `((1))` | NO |

---

## `dbo.RolePermissions`

| Ordinal | Column | Data Type | Max Length | Precision | Scale | Nullable | Identity | Default | Computed |
|---:|---|---|---:|---:|---:|---|---|---|---|
| 1 | `RolePermissionID` | `int` | 4 | 10 | 0 | NO | YES (1,1) |  | NO |
| 2 | `RoleID` | `int` | 4 | 10 | 0 | NO | NO |  | NO |
| 3 | `PermissionID` | `int` | 4 | 10 | 0 | NO | NO |  | NO |

---

## `dbo.Roles`

| Ordinal | Column | Data Type | Max Length | Precision | Scale | Nullable | Identity | Default | Computed |
|---:|---|---|---:|---:|---:|---|---|---|---|
| 1 | `RoleID` | `int` | 4 | 10 | 0 | NO | YES (1,1) |  | NO |
| 2 | `RoleCode` | `nvarchar(100)` | 200 | 0 | 0 | NO | NO |  | NO |
| 3 | `RoleName` | `nvarchar(150)` | 300 | 0 | 0 | NO | NO |  | NO |
| 4 | `Description` | `nvarchar(500)` | 1000 | 0 | 0 | YES | NO |  | NO |
| 5 | `IsActive` | `bit` | 1 | 1 | 0 | NO | NO | `((1))` | NO |

---

## `dbo.sysdiagrams`

| Ordinal | Column | Data Type | Max Length | Precision | Scale | Nullable | Identity | Default | Computed |
|---:|---|---|---:|---:|---:|---|---|---|---|
| 1 | `name` | `sysname` | 256 | 0 | 0 | NO | NO |  | NO |
| 2 | `principal_id` | `int` | 4 | 10 | 0 | NO | NO |  | NO |
| 3 | `diagram_id` | `int` | 4 | 10 | 0 | NO | YES (1,1) |  | NO |
| 4 | `version` | `int` | 4 | 10 | 0 | YES | NO |  | NO |
| 5 | `definition` | `varbinary(MAX)` | -1 | 0 | 0 | YES | NO |  | NO |

### Table Description

| Property | Value |
|---|---|
| `microsoft_database_tools_support` | `1` |

---

## `dbo.tblPath`

| Ordinal | Column | Data Type | Max Length | Precision | Scale | Nullable | Identity | Default | Computed |
|---:|---|---|---:|---:|---:|---|---|---|---|
| 1 | `PathID` | `int` | 4 | 10 | 0 | NO | NO |  | NO |
| 2 | `SourceName` | `nvarchar(50)` | 100 | 0 | 0 | NO | NO |  | NO |
| 3 | `RootPath` | `nvarchar(500)` | 1000 | 0 | 0 | NO | NO |  | NO |

---

## `dbo.UserManager`

| Ordinal | Column | Data Type | Max Length | Precision | Scale | Nullable | Identity | Default | Computed |
|---:|---|---|---:|---:|---:|---|---|---|---|
| 1 | `UserManagerID` | `int` | 4 | 10 | 0 | NO | YES (1,1) |  | NO |
| 2 | `ManagerID` | `int` | 4 | 10 | 0 | NO | NO |  | NO |
| 3 | `UserID` | `int` | 4 | 10 | 0 | NO | NO |  | NO |

---

## `dbo.UserRoles`

| Ordinal | Column | Data Type | Max Length | Precision | Scale | Nullable | Identity | Default | Computed |
|---:|---|---|---:|---:|---:|---|---|---|---|
| 1 | `UserRoleID` | `int` | 4 | 10 | 0 | NO | YES (1,1) |  | NO |
| 2 | `UserID` | `int` | 4 | 10 | 0 | NO | NO |  | NO |
| 3 | `RoleID` | `int` | 4 | 10 | 0 | NO | NO |  | NO |

---

## `dbo.Users`

| Ordinal | Column | Data Type | Max Length | Precision | Scale | Nullable | Identity | Default | Computed |
|---:|---|---|---:|---:|---:|---|---|---|---|
| 1 | `UserID` | `int` | 4 | 10 | 0 | NO | YES (1,1) |  | NO |
| 2 | `Username` | `nvarchar(100)` | 200 | 0 | 0 | NO | NO |  | NO |
| 3 | `Name` | `nvarchar(100)` | 200 | 0 | 0 | YES | NO |  | NO |
| 4 | `Family` | `nvarchar(100)` | 200 | 0 | 0 | YES | NO |  | NO |
| 5 | `PasswordHash` | `nvarchar(500)` | 1000 | 0 | 0 | YES | NO |  | NO |
| 6 | `IsActive` | `bit` | 1 | 1 | 0 | NO | NO | `((0))` | NO |
| 7 | `CreatedAt` | `datetime2(0)` | 6 | 19 | 0 | NO | NO | `(sysutcdatetime())` | NO |
| 8 | `UpdatedAt` | `datetime2(0)` | 6 | 19 | 0 | YES | NO |  | NO |
| 9 | `LastLoginAt` | `datetime2(0)` | 6 | 19 | 0 | YES | NO |  | NO |

---

# 4. PRIMARY KEYS

| Table | Constraint | Columns |
|---|---|---|
| `dbo.ActionCode` | `PK_ActionCode` | `ActionCodeID` |
| `dbo.DanieliPDF` | `PK_DanieliPDF` | `PDFID` |
| `dbo.DrawingRequestAssignments` | `PK_DrawingRequestAssignments` | `AssignmentID` |
| `dbo.DrawingRequestHistory` | `PK_DrawingRequestHistory` | `HistoryID` |
| `dbo.DrawingRequests` | `PK_DrawingRequests` | `RequestID` |
| `dbo.DrawingRequestStatuses` | `PK_DrawingRequestStatuses` | `StatusID` |
| `dbo.Logs` | `PK_Logs` | `LogID` |
| `dbo.Nodes` | `PK_Nodes` | `NodeID` |
| `dbo.Notifications` | `PK_Notifications` | `NotificationID` |
| `dbo.Permissions` | `PK_Permissions` | `PermissionID` |
| `dbo.RolePermissions` | `PK_RolePermissions` | `RolePermissionID` |
| `dbo.Roles` | `PK_Roles` | `RoleID` |
| `dbo.sysdiagrams` | `PK__sysdiagr__C2B05B619FC01DEC` | `diagram_id` |
| `dbo.tblPath` | `PK_tblPath` | `PathID` |
| `dbo.UserManager` | `PK_UserManager` | `UserManagerID` |
| `dbo.UserRoles` | `PK_UserRoles` | `UserRoleID` |
| `dbo.Users` | `PK_Users` | `UserID` |

---

# 5. FOREIGN KEYS / RELATIONSHIPS

| Foreign Key | Child Table | Child Column(s) | Parent Table | Parent Column(s) | Delete | Update | Enabled | Trusted |
|---|---|---|---|---|---|---|---|---|
| `FK_DanieliPDF_Nodes` | `dbo.DanieliPDF` | `NodeID` | `dbo.Nodes` | `NodeID` | `NO_ACTION` | `NO_ACTION` | `YES` | `YES` |
| `FK_DanieliPDF_tblPath` | `dbo.DanieliPDF` | `PathID` | `dbo.tblPath` | `PathID` | `NO_ACTION` | `NO_ACTION` | `YES` | `YES` |
| `FK_DrawingRequestAssignments_AssignedBy` | `dbo.DrawingRequestAssignments` | `AssignedByUserID` | `dbo.Users` | `UserID` | `NO_ACTION` | `NO_ACTION` | `YES` | `YES` |
| `FK_DrawingRequestAssignments_Expert` | `dbo.DrawingRequestAssignments` | `DrawingExpertUserID` | `dbo.Users` | `UserID` | `NO_ACTION` | `NO_ACTION` | `YES` | `YES` |
| `FK_DrawingRequestAssignments_Request` | `dbo.DrawingRequestAssignments` | `RequestID` | `dbo.DrawingRequests` | `RequestID` | `NO_ACTION` | `NO_ACTION` | `YES` | `YES` |
| `FK_DrawingRequestHistory_ActionCode` | `dbo.DrawingRequestHistory` | `ActionCode` | `dbo.ActionCode` | `ActionCode` | `NO_ACTION` | `NO_ACTION` | `YES` | `YES` |
| `FK_DrawingRequestHistory_FromStatus` | `dbo.DrawingRequestHistory` | `FromStatusID` | `dbo.DrawingRequestStatuses` | `StatusID` | `NO_ACTION` | `NO_ACTION` | `YES` | `YES` |
| `FK_DrawingRequestHistory_Request` | `dbo.DrawingRequestHistory` | `RequestID` | `dbo.DrawingRequests` | `RequestID` | `NO_ACTION` | `NO_ACTION` | `YES` | `YES` |
| `FK_DrawingRequestHistory_ToStatus` | `dbo.DrawingRequestHistory` | `ToStatusID` | `dbo.DrawingRequestStatuses` | `StatusID` | `NO_ACTION` | `NO_ACTION` | `YES` | `YES` |
| `FK_DrawingRequestHistory_User` | `dbo.DrawingRequestHistory` | `ActionByUserID` | `dbo.Users` | `UserID` | `NO_ACTION` | `NO_ACTION` | `YES` | `YES` |
| `FK_DrawingRequests_AssignedExpert` | `dbo.DrawingRequests` | `AssignedDrawingExpertID` | `dbo.Users` | `UserID` | `NO_ACTION` | `NO_ACTION` | `YES` | `YES` |
| `FK_DrawingRequests_Manager` | `dbo.DrawingRequests` | `ManagerUserID` | `dbo.Users` | `UserID` | `NO_ACTION` | `NO_ACTION` | `YES` | `YES` |
| `FK_DrawingRequests_Node` | `dbo.DrawingRequests` | `NodeID` | `dbo.Nodes` | `NodeID` | `NO_ACTION` | `NO_ACTION` | `YES` | `YES` |
| `FK_DrawingRequests_Requester` | `dbo.DrawingRequests` | `RequesterUserID` | `dbo.Users` | `UserID` | `NO_ACTION` | `NO_ACTION` | `YES` | `YES` |
| `FK_DrawingRequests_Status` | `dbo.DrawingRequests` | `StatusID` | `dbo.DrawingRequestStatuses` | `StatusID` | `NO_ACTION` | `NO_ACTION` | `YES` | `YES` |
| `FK_Nodes_tblPath` | `dbo.Nodes` | `PathID` | `dbo.tblPath` | `PathID` | `NO_ACTION` | `NO_ACTION` | `YES` | `YES` |
| `FK_Notifications_Request` | `dbo.Notifications` | `RequestID` | `dbo.DrawingRequests` | `RequestID` | `NO_ACTION` | `NO_ACTION` | `YES` | `YES` |
| `FK_Notifications_User` | `dbo.Notifications` | `UserID` | `dbo.Users` | `UserID` | `NO_ACTION` | `NO_ACTION` | `YES` | `YES` |

---

# 6. UNIQUE CONSTRAINTS

| Table | Constraint | Columns |
|---|---|---|
| `dbo.ActionCode` | `UX_ActionCode_ActionCode` | `ActionCode` |
| `dbo.DrawingRequests` | `UX_DrawingRequests_RequestNumber` | `RequestNumber` |
| `dbo.DrawingRequestStatuses` | `UX_DrawingRequestStatuses_StatusCode` | `StatusCode` |
| `dbo.Notifications` | `UX_Notifications_RequestNumber` | `RequestNumber` |
| `dbo.sysdiagrams` | `UK_principal_name` | `principal_id`, `name` |

---

# 7. INDEXES

| Table | Index | Type | Unique | Primary Key | Unique Constraint | Key Columns | Included Columns |
|---|---|---|---|---|---|---|---|
| `dbo.ActionCode` | `PK_ActionCode` | `CLUSTERED` | `YES` | `YES` | `NO` | `ActionCodeID` | `` |
| `dbo.ActionCode` | `UX_ActionCode_ActionCode` | `NONCLUSTERED` | `YES` | `NO` | `YES` | `ActionCode` | `` |
| `dbo.DanieliPDF` | `IX_DanieliPDF_NodeID` | `NONCLUSTERED` | `NO` | `NO` | `NO` | `NodeID` | `` |
| `dbo.DanieliPDF` | `PK_DanieliPDF` | `CLUSTERED` | `YES` | `YES` | `NO` | `PDFID` | `` |
| `dbo.DrawingRequestAssignments` | `IX_DrawingRequestAssignments_Expert_Current` | `NONCLUSTERED` | `NO` | `NO` | `NO` | `DrawingExpertUserID`, `IsCurrent` | `` |
| `dbo.DrawingRequestAssignments` | `IX_DrawingRequestAssignments_RequestID` | `NONCLUSTERED` | `NO` | `NO` | `NO` | `RequestID` | `` |
| `dbo.DrawingRequestAssignments` | `PK_DrawingRequestAssignments` | `CLUSTERED` | `YES` | `YES` | `NO` | `AssignmentID` | `` |
| `dbo.DrawingRequestHistory` | `IX_DrawingRequestHistory_RequestID_CreatedAt` | `NONCLUSTERED` | `NO` | `NO` | `NO` | `RequestID`, `CreatedAt` | `` |
| `dbo.DrawingRequestHistory` | `PK_DrawingRequestHistory` | `CLUSTERED` | `YES` | `YES` | `NO` | `HistoryID` | `` |
| `dbo.DrawingRequests` | `IX_DrawingRequests_AssignedDrawingExpertID_StatusID` | `NONCLUSTERED` | `NO` | `NO` | `NO` | `AssignedDrawingExpertID`, `StatusID` | `` |
| `dbo.DrawingRequests` | `IX_DrawingRequests_ManagerUserID_StatusID` | `NONCLUSTERED` | `NO` | `NO` | `NO` | `ManagerUserID`, `StatusID` | `` |
| `dbo.DrawingRequests` | `IX_DrawingRequests_RequesterUserID` | `NONCLUSTERED` | `NO` | `NO` | `NO` | `RequesterUserID` | `` |
| `dbo.DrawingRequests` | `PK_DrawingRequests` | `CLUSTERED` | `YES` | `YES` | `NO` | `RequestID` | `` |
| `dbo.DrawingRequests` | `UX_DrawingRequests_RequestNumber` | `NONCLUSTERED` | `YES` | `NO` | `YES` | `RequestNumber` | `` |
| `dbo.DrawingRequestStatuses` | `PK_DrawingRequestStatuses` | `CLUSTERED` | `YES` | `YES` | `NO` | `StatusID` | `` |
| `dbo.DrawingRequestStatuses` | `UX_DrawingRequestStatuses_StatusCode` | `NONCLUSTERED` | `YES` | `NO` | `YES` | `StatusCode` | `` |
| `dbo.Logs` | `IX_Logs_UserID_CreatedAt` | `NONCLUSTERED` | `NO` | `NO` | `NO` | `UserID`, `CreatedAt` | `` |
| `dbo.Logs` | `PK_Logs` | `CLUSTERED` | `YES` | `YES` | `NO` | `LogID` | `` |
| `dbo.Nodes` | `IX_Nodes_ParentID` | `NONCLUSTERED` | `NO` | `NO` | `NO` | `ParentID` | `` |
| `dbo.Nodes` | `PK_Nodes` | `CLUSTERED` | `YES` | `YES` | `NO` | `NodeID` | `` |
| `dbo.Notifications` | `IX_Notifications_UserID_IsRead_CreatedAt` | `NONCLUSTERED` | `NO` | `NO` | `NO` | `UserID`, `IsRead`, `CreatedAt` | `` |
| `dbo.Notifications` | `PK_Notifications` | `CLUSTERED` | `YES` | `YES` | `NO` | `NotificationID` | `` |
| `dbo.Notifications` | `UX_Notifications_RequestNumber` | `NONCLUSTERED` | `YES` | `NO` | `YES` | `RequestNumber` | `` |
| `dbo.Permissions` | `PK_Permissions` | `CLUSTERED` | `YES` | `YES` | `NO` | `PermissionID` | `` |
| `dbo.Permissions` | `UX_Permissions_PermissionCode` | `NONCLUSTERED` | `YES` | `NO` | `NO` | `PermissionCode` | `` |
| `dbo.RolePermissions` | `IX_RolePermissions_PermissionID` | `NONCLUSTERED` | `NO` | `NO` | `NO` | `PermissionID` | `` |
| `dbo.RolePermissions` | `PK_RolePermissions` | `CLUSTERED` | `YES` | `YES` | `NO` | `RolePermissionID` | `` |
| `dbo.RolePermissions` | `UX_RolePermissions_Role_Permission` | `NONCLUSTERED` | `YES` | `NO` | `NO` | `RoleID`, `PermissionID` | `` |
| `dbo.Roles` | `PK_Roles` | `CLUSTERED` | `YES` | `YES` | `NO` | `RoleID` | `` |
| `dbo.Roles` | `UX_Roles_RoleCode` | `NONCLUSTERED` | `YES` | `NO` | `NO` | `RoleCode` | `` |
| `dbo.sysdiagrams` | `PK__sysdiagr__C2B05B619FC01DEC` | `CLUSTERED` | `YES` | `YES` | `NO` | `diagram_id` | `` |
| `dbo.sysdiagrams` | `UK_principal_name` | `NONCLUSTERED` | `YES` | `NO` | `YES` | `principal_id`, `name` | `` |
| `dbo.tblPath` | `PK_tblPath` | `CLUSTERED` | `YES` | `YES` | `NO` | `PathID` | `` |
| `dbo.UserManager` | `IX_UserManager_UserID` | `NONCLUSTERED` | `NO` | `NO` | `NO` | `UserID` | `` |
| `dbo.UserManager` | `PK_UserManager` | `CLUSTERED` | `YES` | `YES` | `NO` | `UserManagerID` | `` |
| `dbo.UserRoles` | `IX_UserRoles_RoleID` | `NONCLUSTERED` | `NO` | `NO` | `NO` | `RoleID` | `` |
| `dbo.UserRoles` | `PK_UserRoles` | `CLUSTERED` | `YES` | `YES` | `NO` | `UserRoleID` | `` |
| `dbo.UserRoles` | `UX_UserRoles_User_Role` | `NONCLUSTERED` | `YES` | `NO` | `NO` | `UserID`, `RoleID` | `` |
| `dbo.Users` | `PK_Users` | `CLUSTERED` | `YES` | `YES` | `NO` | `UserID` | `` |
| `dbo.Users` | `UX_Users_Username` | `NONCLUSTERED` | `YES` | `NO` | `NO` | `Username` | `` |

---

# 8. CHECK CONSTRAINTS

| Table | Constraint | Definition | Disabled | Not Trusted |
|---|---|---|---|---|

---

# 9. VIEWS


---

# 10. TRIGGERS

| Table | Trigger | Enabled | Type |
|---|---|---|---|

### Trigger Definitions


---

# 11. RELATIONSHIP MAP

Every line below represents a Child ? Parent relationship.

- `dbo.DanieliPDF.NodeID` ? `dbo.Nodes.NodeID`  (FK: `FK_DanieliPDF_Nodes`)
- `dbo.DanieliPDF.PathID` ? `dbo.tblPath.PathID`  (FK: `FK_DanieliPDF_tblPath`)
- `dbo.DrawingRequestAssignments.AssignedByUserID` ? `dbo.Users.UserID`  (FK: `FK_DrawingRequestAssignments_AssignedBy`)
- `dbo.DrawingRequestAssignments.DrawingExpertUserID` ? `dbo.Users.UserID`  (FK: `FK_DrawingRequestAssignments_Expert`)
- `dbo.DrawingRequestAssignments.RequestID` ? `dbo.DrawingRequests.RequestID`  (FK: `FK_DrawingRequestAssignments_Request`)
- `dbo.DrawingRequestHistory.ActionCode` ? `dbo.ActionCode.ActionCode`  (FK: `FK_DrawingRequestHistory_ActionCode`)
- `dbo.DrawingRequestHistory.FromStatusID` ? `dbo.DrawingRequestStatuses.StatusID`  (FK: `FK_DrawingRequestHistory_FromStatus`)
- `dbo.DrawingRequestHistory.RequestID` ? `dbo.DrawingRequests.RequestID`  (FK: `FK_DrawingRequestHistory_Request`)
- `dbo.DrawingRequestHistory.ToStatusID` ? `dbo.DrawingRequestStatuses.StatusID`  (FK: `FK_DrawingRequestHistory_ToStatus`)
- `dbo.DrawingRequestHistory.ActionByUserID` ? `dbo.Users.UserID`  (FK: `FK_DrawingRequestHistory_User`)
- `dbo.DrawingRequests.AssignedDrawingExpertID` ? `dbo.Users.UserID`  (FK: `FK_DrawingRequests_AssignedExpert`)
- `dbo.DrawingRequests.ManagerUserID` ? `dbo.Users.UserID`  (FK: `FK_DrawingRequests_Manager`)
- `dbo.DrawingRequests.NodeID` ? `dbo.Nodes.NodeID`  (FK: `FK_DrawingRequests_Node`)
- `dbo.DrawingRequests.RequesterUserID` ? `dbo.Users.UserID`  (FK: `FK_DrawingRequests_Requester`)
- `dbo.DrawingRequests.StatusID` ? `dbo.DrawingRequestStatuses.StatusID`  (FK: `FK_DrawingRequests_Status`)
- `dbo.Nodes.PathID` ? `dbo.tblPath.PathID`  (FK: `FK_Nodes_tblPath`)
- `dbo.Notifications.RequestID` ? `dbo.DrawingRequests.RequestID`  (FK: `FK_Notifications_Request`)
- `dbo.Notifications.UserID` ? `dbo.Users.UserID`  (FK: `FK_Notifications_User`)

---

# 12. RELATIONSHIP SUMMARY

| Child Table | Child Column(s) | Foreign Key | Parent Table | Parent Column(s) | Delete | Update |
|---|---|---|---|---|---|---|
| `dbo.DanieliPDF` | `NodeID` | `FK_DanieliPDF_Nodes` | `dbo.Nodes` | `NodeID` | `NO_ACTION` | `NO_ACTION` |
| `dbo.DanieliPDF` | `PathID` | `FK_DanieliPDF_tblPath` | `dbo.tblPath` | `PathID` | `NO_ACTION` | `NO_ACTION` |
| `dbo.DrawingRequestAssignments` | `AssignedByUserID` | `FK_DrawingRequestAssignments_AssignedBy` | `dbo.Users` | `UserID` | `NO_ACTION` | `NO_ACTION` |
| `dbo.DrawingRequestAssignments` | `DrawingExpertUserID` | `FK_DrawingRequestAssignments_Expert` | `dbo.Users` | `UserID` | `NO_ACTION` | `NO_ACTION` |
| `dbo.DrawingRequestAssignments` | `RequestID` | `FK_DrawingRequestAssignments_Request` | `dbo.DrawingRequests` | `RequestID` | `NO_ACTION` | `NO_ACTION` |
| `dbo.DrawingRequestHistory` | `ActionCode` | `FK_DrawingRequestHistory_ActionCode` | `dbo.ActionCode` | `ActionCode` | `NO_ACTION` | `NO_ACTION` |
| `dbo.DrawingRequestHistory` | `FromStatusID` | `FK_DrawingRequestHistory_FromStatus` | `dbo.DrawingRequestStatuses` | `StatusID` | `NO_ACTION` | `NO_ACTION` |
| `dbo.DrawingRequestHistory` | `RequestID` | `FK_DrawingRequestHistory_Request` | `dbo.DrawingRequests` | `RequestID` | `NO_ACTION` | `NO_ACTION` |
| `dbo.DrawingRequestHistory` | `ToStatusID` | `FK_DrawingRequestHistory_ToStatus` | `dbo.DrawingRequestStatuses` | `StatusID` | `NO_ACTION` | `NO_ACTION` |
| `dbo.DrawingRequestHistory` | `ActionByUserID` | `FK_DrawingRequestHistory_User` | `dbo.Users` | `UserID` | `NO_ACTION` | `NO_ACTION` |
| `dbo.DrawingRequests` | `AssignedDrawingExpertID` | `FK_DrawingRequests_AssignedExpert` | `dbo.Users` | `UserID` | `NO_ACTION` | `NO_ACTION` |
| `dbo.DrawingRequests` | `ManagerUserID` | `FK_DrawingRequests_Manager` | `dbo.Users` | `UserID` | `NO_ACTION` | `NO_ACTION` |
| `dbo.DrawingRequests` | `NodeID` | `FK_DrawingRequests_Node` | `dbo.Nodes` | `NodeID` | `NO_ACTION` | `NO_ACTION` |
| `dbo.DrawingRequests` | `RequesterUserID` | `FK_DrawingRequests_Requester` | `dbo.Users` | `UserID` | `NO_ACTION` | `NO_ACTION` |
| `dbo.DrawingRequests` | `StatusID` | `FK_DrawingRequests_Status` | `dbo.DrawingRequestStatuses` | `StatusID` | `NO_ACTION` | `NO_ACTION` |
| `dbo.Nodes` | `PathID` | `FK_Nodes_tblPath` | `dbo.tblPath` | `PathID` | `NO_ACTION` | `NO_ACTION` |
| `dbo.Notifications` | `RequestID` | `FK_Notifications_Request` | `dbo.DrawingRequests` | `RequestID` | `NO_ACTION` | `NO_ACTION` |
| `dbo.Notifications` | `UserID` | `FK_Notifications_User` | `dbo.Users` | `UserID` | `NO_ACTION` | `NO_ACTION` |

---

# 13. SCHEMA OBJECT COUNTS

| Object Type | Count |
|---|---:|
| Tables | 17 |
| Views | 0 |
| Primary Keys | 17 |
| Foreign Keys | 18 |
| Unique Constraints | 5 |
| Check Constraints | 0 |
| Indexes | 222 |
| Triggers | 0 |

---

# 14. NOTES

- This document contains database metadata only.
- No table rows were exported.
- No user records were exported.
- No file records were exported as data.
- Foreign Key relationships are explicitly documented.
- Multi-column Foreign Keys are kept together as one relationship.
- Index key columns and included columns are documented separately.
- View and Trigger definitions are included where SQL Server exposes them.

# END OF DATABASE SCHEMA EXPORT


Completion time: 2026-10-08T10:38:12.3572575+03:30
